==============================================================================
ToMe placement: where is the encoder's compute? (analytic proxy)
==============================================================================
donut-base encoder: image 2560x1920, patch 4, window 10, depths [2, 2, 14, 2], embed_dim 128

-- per-stage budget --
  stage grid           tokens  blocks    dim  % of encoder
  0     640x480       307,200       2    128         10.8%
  1     320x240        76,800       2    256         10.2%
  2     160x120        19,200      14    512         69.2%
  3     80x60           4,800       2   1024          9.7%
                                   20               100.0%

-- max encoder FLOPs saving, by insertion point --
  (merging r% of tokens at a point removes r% of EVERYTHING AFTER it)
  insert before       downstream share   saving @ 20% merge    @ 50%
  stage 0                       100.0%                20.0%    50.0%
  stage 1                        89.2%                17.8%    44.6%
  stage 2                        79.0%                15.8%    39.5%
  stage 3                         9.7%                 1.9%     4.9%
  AFTER stage 3                   0.0%                 0.0%     0.0%   <<< WHERE IT IS NOW

-- controls --
  [PASS] stage-3 output matches the repo's TOKEN_GRID (80, 60) = 4800 -- got 80x60=4800
  [PASS] current placement saves exactly 0% of encoder FLOPs -- it is downstream of every encoder block -- 0 by construction, which is why D11 measured 1.04x
  [PASS] one stage dominates, so placement is not a uniform trade -- stage 2 alone is 69.2% (14 of 20 blocks at dim 512)
  [PASS] merging at the START of the last stage is still a small win -- only 9.7% is downstream, so a 50% merge there saves 4.9%
  [PASS] the proxy is not degenerate (stages differ by >2x) -- ratio 7.1x

==============================================================================
CONTROLS: 5/5 PASS
==============================================================================
CONCLUSION (evidence for T5, not a decision):
  * Current placement is downstream of ALL 20 encoder blocks,
    so its encoder saving is 0% BY CONSTRUCTION -- not small, zero.
    D11's measured 1.04x is the expected result, not a disappointment.
  * Stage 2 is 69.2% of the encoder (14 of 20 blocks).
    Any merge that does not happen BEFORE stage 2 cannot matter much.
  * Moving it one stage earlier (before stage 3) caps out at 4.9%
    even at a 50% merge ratio -- so 'inside Swin' is only worth doing
    at stage 0-2, on grids of 307,200/76,800/19,200 tokens, where window
    partitioning and shifted-window attention are load-bearing.
  * That is a redesign of a FROZEN pretrained encoder, which would
    also break comparability with the entire run 2-14 table.
==============================================================================
