==============================================================================
BUDGET-BINDING SWEEP -- is 13(b) better where the budget actually bites?
==============================================================================
  device cpu | transformers 5.4.0 | MAX_WORDS=128 MAX_LEN=512
  budgets: controls (0.5, 0.35) + new (0.25, 0.2), paired, seed 0
Loading base backbone naver-clova-ix/donut-base (dtype=torch.float32)...
Loading weights:   0%|          | 0/484 [00:00<?, ?it/s]Loading weights: 100%|██████████| 484/484 [00:00<00:00, 46286.72it/s]
Freezing Swin vision encoder (saves ~12 GB VRAM). Training Router & Decoder!
Using the latest cached version of the dataset since nielsr/funsd couldn't be found on the Hugging Face Hub (offline mode is enabled).
Found the latest cached dataset configuration 'default' at C:\Users\Nafis\.cache\huggingface\datasets\nielsr___funsd\default\0.0.0\7e7eeeedd84ce86540eb83cbbf7c75a3fcc7c7a5 (last modified on Tue Aug 25 12:38:54 2026).
  2 FUNSD test images, gold capped at MAX_WORDS=128

------------------------------------------------------------------------------
run 9  (ink target)  <- run 9\adaptive_donut_pruned.pt  (missing=0, unexpected=0)
------------------------------------------------------------------------------
  keep=1.00 router  recall  86.54  ink 1.000  tok 4800   13.1s/img   ETA   7.8 min
  keep=0.50 router  recall  91.08  ink 0.941  tok 2400   13.5s/img   ETA   7.3 min
  keep=0.50 random  recall  76.46  ink 0.496  tok 2400   11.7s/img   ETA   6.5 min
  keep=0.35 router  recall  89.14  ink 0.829  tok 1680   12.7s/img   ETA   6.0 min
  keep=0.35 random  recall  58.61  ink 0.347  tok 1680   11.5s/img   ETA   5.5 min
  keep=0.25 router  recall  81.45  ink 0.671  tok 1200   12.5s/img   ETA   5.1 min
  keep=0.25 random  recall  40.00  ink 0.245  tok 1200   10.5s/img   ETA   4.5 min
  keep=0.20 router  recall  70.60  ink 0.565  tok  960   12.1s/img   ETA   4.1 min
  keep=0.20 random  recall  41.30  ink 0.197  tok  960   11.5s/img   ETA   3.7 min

------------------------------------------------------------------------------
run 10 (attn target)  <- run 10\adaptive_donut_pruned.pt  (missing=0, unexpected=0)
------------------------------------------------------------------------------
  keep=1.00 router  recall  68.95  ink 1.000  tok 4800   11.8s/img   ETA   3.3 min
  keep=0.50 router  recall  91.82  ink 0.604  tok 2400   12.6s/img   ETA   2.9 min
  keep=0.50 random  recall  76.73  ink 0.496  tok 2400   12.9s/img   ETA   2.5 min
  keep=0.35 router  recall  88.49  ink 0.449  tok 1680   13.2s/img   ETA   2.1 min
  keep=0.35 random  recall  55.71  ink 0.347  tok 1680   12.0s/img   ETA   1.6 min
  keep=0.25 router  recall  66.95  ink 0.313  tok 1200   13.3s/img   ETA   1.2 min
  keep=0.25 random  recall  48.87  ink 0.245  tok 1200   11.6s/img   ETA   0.8 min
  keep=0.20 router  recall  47.27  ink 0.235  tok  960   12.8s/img   ETA   0.4 min
  keep=0.20 random  recall  40.35  ink 0.197  tok  960   11.6s/img   ETA   0.0 min

==============================================================================
TABLE -- word recall, paired on the same images
==============================================================================
 keep mode      run 9  run 10   delta    SE      t   ink 9 ink 10
 1.00 router    86.54   68.95  -17.59 14.99  -1.17   1.000  1.000 
 0.50 router    91.08   91.82   +0.74  1.86  +0.40   0.941  0.604 
 0.50 random    76.46   76.73   +0.26  3.63  +0.07   0.496  0.496 
 0.35 router    89.14   88.49   -0.65  0.65  -1.00   0.829  0.449 
 0.35 random    58.61   55.71   -2.90  1.60  -1.81   0.347  0.347 
 0.25 router    81.45   66.95  -14.50  8.88  -1.63   0.671  0.313 
 0.25 random    40.00   48.87   +8.86  2.37  +3.74 * 0.245  0.245 
 0.20 router    70.60   47.27  -23.33 14.34  -1.63   0.565  0.235 
 0.20 random    41.30   40.35   -0.95  3.55  -0.27   0.197  0.197 
  (* = |t| >= 2.0, pre-registered; delta and t are run 10 minus run 9)

==============================================================================
CONTROLS
==============================================================================
  [PASS] pairing keep=0.50: random-mode ink 0.495762 vs 0.495762 -> |gap| 0.00e+00 (must be ~0: same masks)
  [PASS] pairing keep=0.35: random-mode ink 0.347073 vs 0.347073 -> |gap| 0.00e+00 (must be ~0: same masks)
  [PASS] pairing keep=0.25: random-mode ink 0.244730 vs 0.244730 -> |gap| 0.00e+00 (must be ~0: same masks)
  [PASS] pairing keep=0.20: random-mode ink 0.196700 vs 0.196700 -> |gap| 0.00e+00 (must be ~0: same masks)
  [PASS] ink run 9  (ink target) keep=1.00: local 1.000 vs Kaggle 1.000 -> |gap| 0.000 (tol 0.10)
  [PASS] ink run 9  (ink target) keep=0.50: local 0.941 vs Kaggle 0.922 -> |gap| 0.019 (tol 0.10)
  [PASS] ink run 9  (ink target) keep=0.35: local 0.829 vs Kaggle 0.826 -> |gap| 0.003 (tol 0.10)
  [PASS] ink run 10 (attn target) keep=1.00: local 1.000 vs Kaggle 1.000 -> |gap| 0.000 (tol 0.10)
  [PASS] ink run 10 (attn target) keep=0.50: local 0.604 vs Kaggle 0.675 -> |gap| 0.071 (tol 0.10)
  [PASS] ink run 10 (attn target) keep=0.35: local 0.449 vs Kaggle 0.511 -> |gap| 0.062 (tol 0.10)

  recall-delta consistency with Kaggle (informational, not a gate):
    keep=0.50  local +0.74 +-1.86  Kaggle -0.22  |gap| 0.96
    keep=0.35  local -0.65 +-0.65  Kaggle +0.49  |gap| 1.14

  resolution -- smallest detectable delta at |t|=2 (want <= 3.0 pts):
    keep=0.50  SE  1.86  detectable >=  3.72 pts  UNDERPOWERED
    keep=0.35  SE  0.65  detectable >=  1.30 pts  OK
    keep=0.25  SE  8.88  detectable >= 17.76 pts  UNDERPOWERED
    keep=0.20  SE 14.34  detectable >= 28.67 pts  UNDERPOWERED

==============================================================================
IS THE BUDGET BINDING? -- the question run 10 could not answer at keep=0.50
==============================================================================
  run 9  (ink target): keep=1.00 ceiling 86.54
    keep=0.50 router  91.08 ( +4.55 vs ceiling) random  76.46 (router-random +14.62)  not binding  selection matters
    keep=0.35 router  89.14 ( +2.60 vs ceiling) random  58.61 (router-random +30.53)  not binding  selection matters
    keep=0.25 router  81.45 ( -5.09 vs ceiling) random  40.00 (router-random +41.44)  BINDS        selection matters
    keep=0.20 router  70.60 (-15.94 vs ceiling) random  41.30 (router-random +29.29)  BINDS        selection matters
  run 10 (attn target): keep=1.00 ceiling 68.95
    keep=0.50 router  91.82 (+22.87 vs ceiling) random  76.73 (router-random +15.10)  not binding  selection matters
    keep=0.35 router  88.49 (+19.54 vs ceiling) random  55.71 (router-random +32.77)  not binding  selection matters
    keep=0.25 router  66.95 ( -2.00 vs ceiling) random  48.87 (router-random +18.08)  BINDS        selection matters
    keep=0.20 router  47.27 (-21.68 vs ceiling) random  40.35 (router-random  +6.92)  BINDS        selection matters

==============================================================================
THE ANSWER
==============================================================================
  keep=0.25: budget binds, but this test is UNDERPOWERED -- delta -14.50, SE 8.88, so nothing below 17.76 pts is detectable and a 3.0-pt effect could hide here. NOT a null. Need ~71 images for a 3.0-pt resolution; FUNSD test has 50.
  keep=0.20: budget binds, but this test is UNDERPOWERED -- delta -23.33, SE 14.34, so nothing below 28.67 pts is detectable and a 3.0-pt effect could hide here. NOT a null. Need ~183 images for a 3.0-pt resolution; FUNSD test has 50.

wrote results\budget_binding_local.json   (7.4 min)
