==============================================================================
DECODER CROSS-ATTENTION KV MEMORY vs VISUAL TOKEN BUDGET (Pending 8c)
==============================================================================
  Scope, stated first: cross-attention KV ONLY. Not total, not peak, not encoder.
  The frozen Swin computes all 4800 tokens at every budget (Pending 7), so there is
  NO encoder-side saving to report. Self-attention KV is unaffected by pruning and is
  listed separately. Latency is already settled: 1.04x (D11), not reported here.
Loading base backbone naver-clova-ix/donut-base (dtype=torch.float32)...
Loading weights:   0%|          | 0/484 [00:00<?, ?it/s]Loading weights: 100%|██████████| 484/484 [00:00<00:00, 36591.20it/s]
Freezing Swin vision encoder (saves ~12 GB VRAM). Training Router & Decoder!

  decoder: 4 layers x 16 heads x 64 head_dim (d_model 1024), 4 bytes/element
  model parameters: 771 MiB  <- the scale to read KV against
  checkpoint: run 9\adaptive_donut_pruned.pt
  keep=1.00 m=0.00  tok 4800  cross-KV analytic  150.00 MiB  observed  150.00 MiB  self-KV  10.69 MiB (gen 343)
  keep=0.50 m=0.00  tok 2400  cross-KV analytic   75.00 MiB  observed   75.00 MiB  self-KV  10.38 MiB (gen 333)
  keep=0.35 m=0.00  tok 1680  cross-KV analytic   52.50 MiB  observed   52.50 MiB  self-KV   9.56 MiB (gen 307)
  keep=0.25 m=0.00  tok 1200  cross-KV analytic   37.50 MiB  observed   37.50 MiB  self-KV  10.19 MiB (gen 327)
  keep=0.20 m=0.00  tok  960  cross-KV analytic   30.00 MiB  observed   30.00 MiB  self-KV   7.72 MiB (gen 248)
  keep=1.00 m=0.20  tok 3840  cross-KV analytic  120.00 MiB  observed  120.00 MiB  self-KV  10.72 MiB (gen 344)
  keep=0.50 m=0.20  tok 1920  cross-KV analytic   60.00 MiB  observed   60.00 MiB  self-KV  11.12 MiB (gen 357)
  keep=0.50 m=0.40  tok 1440  cross-KV analytic   45.00 MiB  observed   45.00 MiB  self-KV  10.62 MiB (gen 341)
  keep=0.35 m=0.20  tok 1344  cross-KV analytic   42.00 MiB  observed   42.00 MiB  self-KV   9.41 MiB (gen 302)

==============================================================================
THE TABLE -- cross-attention KV only
==============================================================================
   keep     m   tok  cross-KV MiB  vs keep=1.00  % of params  self-KV MiB
   1.00  0.00  4800        150.00             -       19.46%        10.69
   0.50  0.00  2400         75.00        -50.0%        9.73%        10.38
   0.35  0.00  1680         52.50        -65.0%        6.81%         9.56
   0.25  0.00  1200         37.50        -75.0%        4.86%        10.19
   0.20  0.00   960         30.00        -80.0%        3.89%         7.72
   1.00  0.20  3840        120.00        -20.0%       15.56%        10.72
   0.50  0.20  1920         60.00        -60.0%        7.78%        11.12
   0.50  0.40  1440         45.00        -70.0%        5.84%        10.62
   0.35  0.20  1344         42.00        -72.0%        5.45%         9.41

==============================================================================
CONTROLS
==============================================================================
  [PASS] analytic == observed at keep=1.00 m=0.00: 150.00 vs 150.00 MiB -> rel gap 0.0000 (tol 0.01)
  [PASS] analytic == observed at keep=0.50 m=0.00: 75.00 vs 75.00 MiB -> rel gap 0.0000 (tol 0.01)
  [PASS] analytic == observed at keep=0.35 m=0.00: 52.50 vs 52.50 MiB -> rel gap 0.0000 (tol 0.01)
  [PASS] analytic == observed at keep=0.25 m=0.00: 37.50 vs 37.50 MiB -> rel gap 0.0000 (tol 0.01)
  [PASS] analytic == observed at keep=0.20 m=0.00: 30.00 vs 30.00 MiB -> rel gap 0.0000 (tol 0.01)
  [PASS] analytic == observed at keep=1.00 m=0.20: 120.00 vs 120.00 MiB -> rel gap 0.0000 (tol 0.01)
  [PASS] analytic == observed at keep=0.50 m=0.20: 60.00 vs 60.00 MiB -> rel gap 0.0000 (tol 0.01)
  [PASS] analytic == observed at keep=0.50 m=0.40: 45.00 vs 45.00 MiB -> rel gap 0.0000 (tol 0.01)
  [PASS] analytic == observed at keep=0.35 m=0.20: 42.00 vs 42.00 MiB -> rel gap 0.0000 (tol 0.01)
  [PASS] proportional to tokens at keep=1.00 m=0.00: token ratio 1.0000 vs byte ratio 1.0000
  [PASS] proportional to tokens at keep=0.50 m=0.00: token ratio 0.5000 vs byte ratio 0.5000
  [PASS] proportional to tokens at keep=0.35 m=0.00: token ratio 0.3500 vs byte ratio 0.3500
  [PASS] proportional to tokens at keep=0.25 m=0.00: token ratio 0.2500 vs byte ratio 0.2500
  [PASS] proportional to tokens at keep=0.20 m=0.00: token ratio 0.2000 vs byte ratio 0.2000
  [PASS] proportional to tokens at keep=1.00 m=0.20: token ratio 0.8000 vs byte ratio 0.8000
  [PASS] proportional to tokens at keep=0.50 m=0.20: token ratio 0.4000 vs byte ratio 0.4000
  [PASS] proportional to tokens at keep=0.50 m=0.40: token ratio 0.3000 vs byte ratio 0.3000
  [PASS] proportional to tokens at keep=0.35 m=0.20: token ratio 0.2800 vs byte ratio 0.2800
  [PASS] hooked tensor is generate()'s own at keep=1.00 m=0.00: cache seq_len 4800 == meta['compressed_tokens'] 4800
  [PASS] hooked tensor is generate()'s own at keep=0.50 m=0.00: cache seq_len 2400 == meta['compressed_tokens'] 2400
  [PASS] hooked tensor is generate()'s own at keep=0.35 m=0.00: cache seq_len 1680 == meta['compressed_tokens'] 1680
  [PASS] hooked tensor is generate()'s own at keep=0.25 m=0.00: cache seq_len 1200 == meta['compressed_tokens'] 1200
  [PASS] hooked tensor is generate()'s own at keep=0.20 m=0.00: cache seq_len 960 == meta['compressed_tokens'] 960
  [PASS] hooked tensor is generate()'s own at keep=1.00 m=0.20: cache seq_len 3840 == meta['compressed_tokens'] 3840
  [PASS] hooked tensor is generate()'s own at keep=0.50 m=0.20: cache seq_len 1920 == meta['compressed_tokens'] 1920
  [PASS] hooked tensor is generate()'s own at keep=0.50 m=0.40: cache seq_len 1440 == meta['compressed_tokens'] 1440
  [PASS] hooked tensor is generate()'s own at keep=0.35 m=0.20: cache seq_len 1344 == meta['compressed_tokens'] 1344
  [PASS] unpruned baseline is the documented 4800-token grid: got 4800 (80x60 at stride 32)
  [PASS] token arithmetic at keep=1.00 m=0.20: K=4800 -> M=3840 expected, generate() reported 3840
  [PASS] token arithmetic at keep=0.50 m=0.20: K=2400 -> M=1920 expected, generate() reported 1920
  [PASS] token arithmetic at keep=0.50 m=0.40: K=2400 -> M=1440 expected, generate() reported 1440
  [PASS] token arithmetic at keep=0.35 m=0.20: K=1680 -> M=1344 expected, generate() reported 1344
  [PASS] merger ran at keep=1.00 m=0.20: 4800 tok / 150.00 MiB unmerged -> 3840 tok / 120.00 MiB merged
  [PASS] merger ran at keep=0.50 m=0.20: 2400 tok / 75.00 MiB unmerged -> 1920 tok / 60.00 MiB merged
  [PASS] merger ran at keep=0.50 m=0.40: 2400 tok / 75.00 MiB unmerged -> 1440 tok / 45.00 MiB merged
  [PASS] merger ran at keep=0.35 m=0.20: 1680 tok / 52.50 MiB unmerged -> 1344 tok / 42.00 MiB merged
  [PASS] run 13 accuracy pairing resolved from disk (not hardcoded): keep=0.50 m=0.20 -> +0.54 [-2.36, +3.83] n=50; m=0.40 -> -3.86 [-7.45, -0.30]
  [PASS] the headline merge row keep=0.50 m=0.20 really is free: +0.54 pts, 95% CI [-2.36, +3.83] includes 0 (res 3.09, n=50) -- run 13, selection held fixed
  [PASS] ...and the criterion has teeth: the rejected row IS resolved and negative: keep=0.50 m=0.40 -> -3.86 pts, 95% CI [-7.45, -0.30] excludes 0. This is why the 3.33x figure at M=1440 is NOT the headline
  [PASS] D12 accuracy pairing resolved from disk (not hardcoded): keep=0.35 -> -0.255 pts t -0.18 n=50; keep=0.20 -> -13.012 pts t -5.42
  [PASS] the headline budget keep=0.35 really is free: |t| 0.18 < 2.0, i.e. D12 found no detectable accuracy cost there
  [PASS] self-KV is non-zero (something was actually measured): range 7.72-11.12 MiB
  [PASS] self-KV tracks GENERATED length, not budget, at keep=1.00 m=0.00: gen 342 tok predicts 10.69 MiB, observed 10.69 MiB -> rel gap 0.0000
  [PASS] self-KV tracks GENERATED length, not budget, at keep=0.50 m=0.00: gen 332 tok predicts 10.38 MiB, observed 10.38 MiB -> rel gap 0.0000
  [PASS] self-KV tracks GENERATED length, not budget, at keep=0.35 m=0.00: gen 306 tok predicts 9.56 MiB, observed 9.56 MiB -> rel gap 0.0000
  [PASS] self-KV tracks GENERATED length, not budget, at keep=0.25 m=0.00: gen 326 tok predicts 10.19 MiB, observed 10.19 MiB -> rel gap 0.0000
  [PASS] self-KV tracks GENERATED length, not budget, at keep=0.20 m=0.00: gen 247 tok predicts 7.72 MiB, observed 7.72 MiB -> rel gap 0.0000
  [PASS] self-KV tracks GENERATED length, not budget, at keep=1.00 m=0.20: gen 343 tok predicts 10.72 MiB, observed 10.72 MiB -> rel gap 0.0000
  [PASS] self-KV tracks GENERATED length, not budget, at keep=0.50 m=0.20: gen 356 tok predicts 11.12 MiB, observed 11.12 MiB -> rel gap 0.0000
  [PASS] self-KV tracks GENERATED length, not budget, at keep=0.50 m=0.40: gen 340 tok predicts 10.62 MiB, observed 10.62 MiB -> rel gap 0.0000
  [PASS] self-KV tracks GENERATED length, not budget, at keep=0.35 m=0.20: gen 301 tok predicts 9.41 MiB, observed 9.41 MiB -> rel gap 0.0000
  [PASS] self-KV is NOT monotone in keep (while cross-KV is): at least one lower budget has larger self-KV than a higher one -- the budget is not what drives it (over the 5 prune-only rows, whose keep column IS descending, so the test is about the physics and not the row order)

  52/52 controls passed
  (grid: 5 prune-only + 4 merge rows. If this count dropped, a control was skipped, not satisfied.)

==============================================================================
THE CLAIM
==============================================================================
  HEADLINE, at the budget that costs nothing: keep=0.35 cuts the decoder cross-attention KV cache from 150.00 MiB to 52.50 MiB, a **65.0% reduction**, for -0.26 pts of word recall (t -0.18, n=50 paired -- D12). That pairing is the claim; the percentage alone is not.

  The tightest budget goes further but is NOT free: keep=0.20 reaches 30.00 MiB (80.0%) and costs 13.01 pts (t -5.42, D12). Quote it only with that cost attached.
  Both figures are exactly proportional to the token count and confirmed by two independent measurements.

  READ IT IN PROPORTION: at keep=1.00 the cross-KV cache is 19.46% of the model's own 771 MiB of parameters, falling to 6.81% at the free budget. The absolute saving there is 98 MiB.
  That share is NOT negligible -- the docstring's caution that this might be 'a large cut in a small quantity' does not survive the measurement. At fp32 the unpruned cross-KV is a fifth of the weights, and the 98 MiB freed is real working memory.
  BUT the honest qualifier is dtype and batch, not size: this is fp32 on CPU. At fp16/bf16 every figure halves (75 -> 26 MiB at the free budget), while at batch>1 it scales linearly with batch and the saving grows in absolute terms. The PERCENTAGE is invariant to both.
  NOT a latency claim (D11: 1.04x). NOT an encoder saving (there is none). NOT peak or total memory. Self-attention KV is unchanged by pruning.

------------------------------------------------------------------------------
  AND THE MERGE STAGE -- same cache, same proportionality, different evidence
------------------------------------------------------------------------------
  HEADLINE: prune to keep=0.50 and merge m=0.20 -> M=1920 tokens, cutting cross-KV from 150.00 MiB to 60.00 MiB (**2.50x**), for +0.54 pts of word recall, 95% CI [-2.36, +3.83], n=50 paired (run 13, selection held fixed). The CI includes 0: no measured cost.

  NOT the headline: m=0.40 reaches M=1440 and 3.33x, but costs -3.86 pts [-7.45, -0.30] -- resolved, and negative. 3.33x is available only with that cost quoted beside it.

  WHY MERGE RATHER THAN JUST PRUNE HARDER: M=1920 by pruning alone means keep=0.40. The bytes are identical -- control (2) says a merged token frees exactly what a pruned one does -- so the whole question is which path costs less recall, and that is run 13's Q6, not this file's measurement.
  Every scope limit above applies unchanged: cross-attention KV only, fp32, no encoder saving, not a latency claim.

wrote results\kv_memory_local.json   (172 s)
